// Jest Snapshot v1, https://goo.gl/fbAQLP

exports[`Example test to fix svgjs issues 1`] = `
<div
  className="area"
>
  <div />
</div>
`;

exports[`Link changes the class when hovered 1`] = `
<div
  className="area"
>
  <div />
</div>
`;
